<!doctype html><html lang=es-mx><head><meta charset=utf-8><meta name=viewport content="width=device-width,initial-scale=1"><title>Bitácoras de error de un día que arreglé el inicio de Ubuntu</title>
<link rel=stylesheet media=screen href=https://joshua.haase.mx/css/theme.min.2ee1317322f9eb9b2ef0a618d19b20e38c11f5f9c310751400a45db225dd2626.css integrity="sha256-LuExcyL565su8KYY0Zsg44wR9fnDEHUUAKRdsiXdJiY="><script src=https://hypothes.is/embed.js></script></head><body><main><article><h1>Bitácoras de error de un día que arreglé el inicio de Ubuntu</h1><nav id=TableOfContents><ul><li><a href=#usar-comando-para-windows>Usar comando para windows</a></li></ul></nav><h1 id=httppasteubuntucomp9f68f9whmy><a href=#httppasteubuntucomp9f68f9whmy alt><a href=http://paste.ubuntu.com/p/9f68f9WHmY/ target=_blank rel=noopener>http://paste.ubuntu.com/p/9f68f9WHmY/</a></a> <a href=# alt="Regresar al inicio">↑</a></h1><pre><code> Boot Info Script 8f991e4 + Boot-Repair extra info      [Boot-Info 25oct2017]


============================= Boot Info Summary: ===============================

 =&gt; No boot loader is installed in the MBR of /dev/sda.
 =&gt; No boot loader is installed in the MBR of /dev/sdb.
 =&gt; No known boot loader is installed in the MBR of /dev/sdc.

sda1: __________________________________________________________________________

    File system:       ntfs
    Boot sector type:  Windows 8/2012: NTFS
    Boot sector info:  No errors found in the Boot Parameter Block.
    Operating System:
    Boot files:

sdb1: __________________________________________________________________________

    File system:       vfat
    Boot sector type:  Windows 8/2012: FAT32
    Boot sector info:  No errors found in the Boot Parameter Block.
    Operating System:
    Boot files:        /EFI/ubuntu/grub.cfg
                       /EFI/Boot.2018-07-04/bkpbootx64.efi
                       /EFI/Boot.2018-07-04/bootx64.efi
                       /EFI/Boot/bkpbootx64.efi /EFI/Boot/bootx64.efi
                       /EFI/GRUB/grubx64.efi /EFI/GRUB/mmx64.efi
                       /EFI/GRUB/shimx64.efi /EFI/ubuntu/fwupx64.efi
                       /EFI/ubuntu/grubx64.efi /EFI/ubuntu/mmx64.efi
                       /EFI/ubuntu/shimx64.efi
                       /EFI/Microsoft/Boot/bootmgfw.efi
                       /EFI/Microsoft/Boot/bootmgr.efi
                       /EFI/Microsoft/Boot/memtest.efi
                       /EFI/OEM/Boot/bootmgfw.efi /EFI/OEM/Boot/bootmgr.efi
                       /EFI/OEM/Boot/memtest.efi
                       /boot-repair/log/20180508_031456/sdc1/bootx64.efi
                       /boot-repair/log/20180508_032423/sdb1/bootx64.efi

sdb2: __________________________________________________________________________

    File system:
    Boot sector type:  -
    Boot sector info:
    Mounting failed:   mount: /mnt/BootInfo/sdb2: unknown filesystem type ''.

sdb3: __________________________________________________________________________

    File system:       ntfs
    Boot sector type:  Windows 8/2012: NTFS
    Boot sector info:  No errors found in the Boot Parameter Block.
    Operating System:
    Boot files:        /bootmgr /Windows/System32/winload.exe

sdb4: __________________________________________________________________________

    File system:       ntfs
    Boot sector type:  Windows 8/2012: NTFS
    Boot sector info:  No errors found in the Boot Parameter Block.
    Operating System:
    Boot files:

sdb5: __________________________________________________________________________

    File system:       ext4
    Boot sector type:  -
    Boot sector info:
    Operating System:  Ubuntu 16.04.4 LTS
    Boot files:        /boot/grub/grub.cfg /etc/fstab

sdb6: __________________________________________________________________________

    File system:       swap
    Boot sector type:  -
    Boot sector info:

sdc1: __________________________________________________________________________

    File system:       iso9660
    Boot sector type:  Unknown
    Boot sector info:
    Mounting failed:   mount: /mnt/BootInfo/sdb2: unknown filesystem type ''.
mount: /mnt/BootInfo/sdc1: /dev/sdc1 already mounted or mount point busy.

sdc2: __________________________________________________________________________

    File system:       vfat
    Boot sector type:  FAT16
    Boot sector info:  According to the info in the boot sector, sdc2 starts
                       at sector 0. But according to the info from fdisk,
                       sdc2 starts at sector 12152. According to the info in
                       the boot sector, sdc2 has 0 sectors.
    Mounting failed:   mount: /mnt/BootInfo/sdb2: unknown filesystem type ''.
mount: /mnt/BootInfo/sdc1: /dev/sdc1 already mounted or mount point busy.
mount: /mnt/BootInfo/sdc2: /dev/sdc2 already mounted or mount point busy.

============================ Drive/Partition Info: =============================

Drive: sda _____________________________________________________________________
Disk /dev/sda: 931.5 GiB, 1000204886016 bytes, 1953525168 sectors
Units: sectors of 1 * 512 = 512 bytes
Sector size (logical/physical): 512 bytes / 4096 bytes
I/O size (minimum/optimal): 4096 bytes / 4096 bytes
Disklabel type: gpt

Partition  Boot  Start Sector    End Sector  # of Sectors  Id System

/dev/sda1                   1 4,294,967,295 4,294,967,295  ee GPT

/dev/sda1 ends after the last sector of /dev/sda

GUID Partition Table detected.

Partition  Attrs   Start Sector    End Sector  # of Sectors System
/dev/sda1                 2,048 1,953,523,711 1,953,521,664 Data partition (Windows/Linux)

Attributes: R=Required, N=No Block IO, B=Legacy BIOS Bootable, +=More bits set

Drive: sdb _____________________________________________________________________
Disk /dev/sdb: 119.2 GiB, 128035676160 bytes, 250069680 sectors
Units: sectors of 1 * 512 = 512 bytes
Sector size (logical/physical): 512 bytes / 512 bytes
I/O size (minimum/optimal): 512 bytes / 512 bytes
Disklabel type: gpt

Partition  Boot  Start Sector    End Sector  # of Sectors  Id System

/dev/sdb1                   1   250,069,679   250,069,679  ee GPT


GUID Partition Table detected.

Partition  Attrs   Start Sector    End Sector  # of Sectors System
/dev/sdb1                 2,048       206,847       204,800 EFI System partition
/dev/sdb2               206,848       239,615        32,768 Microsoft Reserved Partition (Windows)
/dev/sdb3               239,616   150,354,063   150,114,448 Data partition (Windows/Linux)
/dev/sdb4      R    247,971,840   250,068,991     2,097,152 Windows Recovery Environment (Windows)
/dev/sdb5           150,355,968   214,687,743    64,331,776 Data partition (Linux)
/dev/sdb6           214,687,744   247,971,839    33,284,096 Swap partition (Linux)

Attributes: R=Required, N=No Block IO, B=Legacy BIOS Bootable, +=More bits set

Drive: sdc _____________________________________________________________________
Disk /dev/sdc: 3.8 GiB, 4026531840 bytes, 7864320 sectors
Units: sectors of 1 * 512 = 512 bytes
Sector size (logical/physical): 512 bytes / 512 bytes
I/O size (minimum/optimal): 512 bytes / 512 bytes
Disklabel type: dos

Partition  Boot  Start Sector    End Sector  # of Sectors  Id System

/dev/sdc1    *              0     2,111,199     2,111,200   0 Empty
/dev/sdc2              12,152        16,823         4,672  ef EFI (FAT-12/16/32)

/dev/sdc1 overlaps with /dev/sdc2

GUID Partition Table detected, but does not seem to be used.

Partition  Attrs   Start Sector    End Sector  # of Sectors System
/dev/sdc1   +  R              0     2,111,143     2,111,144 Data partition (Windows/Linux)
/dev/sdc2   +  R         12,152        16,823         4,672 Data partition (Windows/Linux)

Attributes: R=Required, N=No Block IO, B=Legacy BIOS Bootable, +=More bits set

&quot;blkid&quot; output: ________________________________________________________________

Device           UUID                                   TYPE       LABEL

/dev/loop0                                              squashfs
/dev/sda1        B42CB9132CB8D19A                       ntfs       Data
/dev/sdb1        76B0-89A4                              vfat       ESP
/dev/sdb2
/dev/sdb3        1C68B20B68B1E3A4                       ntfs       Acer
/dev/sdb4        BE42B2E242B29F19                       ntfs       Recovery
/dev/sdb5        47ba1d36-f88f-43f6-9377-789c5fbfd7b4   ext4
/dev/sdb6        6774d713-3e3a-47d0-9dd5-4601fdcfd8ff   swap
/dev/sdc1        2018-04-26-18-40-24-00                 iso9660    Lubuntu 18.04 LTS amd64
/dev/sdc2        044E-AC17                              vfat
/dev/zram0       853c2427-b72a-42d0-a042-7a3f2aa30728   swap
/dev/zram1       871b3856-607f-43da-bc58-41ab8640a73b   swap
/dev/zram2       5ab7c645-e361-425e-880b-a0765de07a2c   swap
/dev/zram3       91843195-78a4-4710-821d-f754bbc42c76   swap

========================= &quot;ls -l /dev/disk/by-id&quot; output: ======================

total 0
lrwxrwxrwx 1 root root  9 Jul  4 18:08 ata-KINGSTON_RBUSNS8180DS3128GH_50026B7271008642 -&gt; ../../sdb
lrwxrwxrwx 1 root root 10 Jul  4 18:08 ata-KINGSTON_RBUSNS8180DS3128GH_50026B7271008642-part1 -&gt; ../../sdb1
lrwxrwxrwx 1 root root 10 Jul  4 18:08 ata-KINGSTON_RBUSNS8180DS3128GH_50026B7271008642-part2 -&gt; ../../sdb2
lrwxrwxrwx 1 root root 10 Jul  4 18:08 ata-KINGSTON_RBUSNS8180DS3128GH_50026B7271008642-part3 -&gt; ../../sdb3
lrwxrwxrwx 1 root root 10 Jul  4 18:08 ata-KINGSTON_RBUSNS8180DS3128GH_50026B7271008642-part4 -&gt; ../../sdb4
lrwxrwxrwx 1 root root 10 Jul  4 18:08 ata-KINGSTON_RBUSNS8180DS3128GH_50026B7271008642-part5 -&gt; ../../sdb5
lrwxrwxrwx 1 root root 10 Jul  4 18:08 ata-KINGSTON_RBUSNS8180DS3128GH_50026B7271008642-part6 -&gt; ../../sdb6
lrwxrwxrwx 1 root root  9 Jul  4 18:08 ata-ST1000LM035-1RK172_WDE2PD33 -&gt; ../../sda
lrwxrwxrwx 1 root root 10 Jul  4 18:08 ata-ST1000LM035-1RK172_WDE2PD33-part1 -&gt; ../../sda1
lrwxrwxrwx 1 root root  9 Jul  4 18:08 usb-General_UDisk-0:0 -&gt; ../../sdc
lrwxrwxrwx 1 root root 10 Jul  4 18:08 usb-General_UDisk-0:0-part1 -&gt; ../../sdc1
lrwxrwxrwx 1 root root 10 Jul  4 18:08 usb-General_UDisk-0:0-part2 -&gt; ../../sdc2
lrwxrwxrwx 1 root root  9 Jul  4 18:08 wwn-0x5000000000000000 -&gt; ../../sdb
lrwxrwxrwx 1 root root 10 Jul  4 18:08 wwn-0x5000000000000000-part1 -&gt; ../../sdb1
lrwxrwxrwx 1 root root 10 Jul  4 18:08 wwn-0x5000000000000000-part2 -&gt; ../../sdb2
lrwxrwxrwx 1 root root 10 Jul  4 18:08 wwn-0x5000000000000000-part3 -&gt; ../../sdb3
lrwxrwxrwx 1 root root 10 Jul  4 18:08 wwn-0x5000000000000000-part4 -&gt; ../../sdb4
lrwxrwxrwx 1 root root 10 Jul  4 18:08 wwn-0x5000000000000000-part5 -&gt; ../../sdb5
lrwxrwxrwx 1 root root 10 Jul  4 18:08 wwn-0x5000000000000000-part6 -&gt; ../../sdb6
lrwxrwxrwx 1 root root  9 Jul  4 18:08 wwn-0x5000c5009e486d17 -&gt; ../../sda
lrwxrwxrwx 1 root root 10 Jul  4 18:08 wwn-0x5000c5009e486d17-part1 -&gt; ../../sda1

================================ Mount points: =================================

Device           Mount_Point              Type       Options

/dev/loop0       /rofs                    squashfs   (ro,noatime)
/dev/sdc         /cdrom                   iso9660    (ro,noatime,nojoliet,check=s,map=n,blocksize=2048)


========================== sdb1/EFI/ubuntu/grub.cfg: ===========================

--------------------------------------------------------------------------------
search.fs_uuid 47ba1d36-f88f-43f6-9377-789c5fbfd7b4 root hd1,gpt5
set prefix=($root)'/boot/grub'
configfile $prefix/grub.cfg
--------------------------------------------------------------------------------

=========================== sdb5/boot/grub/grub.cfg: ===========================

--------------------------------------------------------------------------------
#
# DO NOT EDIT THIS FILE
#
# It is automatically generated by grub-mkconfig using templates
# from /etc/grub.d and settings from /etc/default/grub
#

### BEGIN /etc/grub.d/00_header ###
if [ -s $prefix/grubenv ]; then
  set have_grubenv=true
  load_env
fi
if [ &quot;${next_entry}&quot; ] ; then
   set default=&quot;${next_entry}&quot;
   set next_entry=
   save_env next_entry
   set boot_once=true
else
   set default=&quot;0&quot;
fi

if [ x&quot;${feature_menuentry_id}&quot; = xy ]; then
  menuentry_id_option=&quot;--id&quot;
else
  menuentry_id_option=&quot;&quot;
fi

export menuentry_id_option

if [ &quot;${prev_saved_entry}&quot; ]; then
  set saved_entry=&quot;${prev_saved_entry}&quot;
  save_env saved_entry
  set prev_saved_entry=
  save_env prev_saved_entry
  set boot_once=true
fi

function savedefault {
  if [ -z &quot;${boot_once}&quot; ]; then
    saved_entry=&quot;${chosen}&quot;
    save_env saved_entry
  fi
}
function recordfail {
  set recordfail=1
  if [ -n &quot;${have_grubenv}&quot; ]; then if [ -z &quot;${boot_once}&quot; ]; then save_env recordfail; fi; fi
}
function load_video {
  if [ x$feature_all_video_module = xy ]; then
    insmod all_video
  else
    insmod efi_gop
    insmod efi_uga
    insmod ieee1275_fb
    insmod vbe
    insmod vga
    insmod video_bochs
    insmod video_cirrus
  fi
}

if [ x$feature_default_font_path = xy ] ; then
   font=unicode
else
insmod part_gpt
insmod ext2
set root='hd1,gpt5'
if [ x$feature_platform_search_hint = xy ]; then
  search --no-floppy --fs-uuid --set=root --hint-bios=hd1,gpt5 --hint-efi=hd1,gpt5 --hint-baremetal=ahci1,gpt5  47ba1d36-f88f-43f6-9377-789c5fbfd7b4
else
  search --no-floppy --fs-uuid --set=root 47ba1d36-f88f-43f6-9377-789c5fbfd7b4
fi
    font=&quot;/usr/share/grub/unicode.pf2&quot;
fi

if loadfont $font ; then
  set gfxmode=auto
  load_video
  insmod gfxterm
  set locale_dir=$prefix/locale
  set lang=C
  insmod gettext
fi
terminal_output gfxterm
if [ &quot;${recordfail}&quot; = 1 ] ; then
  set timeout=10
else
  if [ x$feature_timeout_style = xy ] ; then
    set timeout_style=menu
    set timeout=10
  # Fallback normal timeout code in case the timeout_style feature is
  # unavailable.
  else
    set timeout=10
  fi
fi
### END /etc/grub.d/00_header ###

### BEGIN /etc/grub.d/05_debian_theme ###
set menu_color_normal=white/black
set menu_color_highlight=black/light-gray
if background_color 44,0,30,0; then
  clear
fi
### END /etc/grub.d/05_debian_theme ###

### BEGIN /etc/grub.d/10_linux ###
function gfxmode {
    set gfxpayload=&quot;${1}&quot;
    if [ &quot;${1}&quot; = &quot;keep&quot; ]; then
        set vt_handoff=vt.handoff=7
    else
        set vt_handoff=
    fi
}
if [ &quot;${recordfail}&quot; != 1 ]; then
  if [ -e ${prefix}/gfxblacklist.txt ]; then
    if hwmatch ${prefix}/gfxblacklist.txt 3; then
      if [ ${match} = 0 ]; then
        set linux_gfx_mode=keep
      else
        set linux_gfx_mode=text
      fi
    else
      set linux_gfx_mode=text
    fi
  else
    set linux_gfx_mode=keep
  fi
else
  set linux_gfx_mode=text
fi
export linux_gfx_mode
menuentry 'Ubuntu' --class ubuntu --class gnu-linux --class gnu --class os $menuentry_id_option 'gnulinux-simple-47ba1d36-f88f-43f6-9377-789c5fbfd7b4' {
    recordfail
    load_video
    gfxmode $linux_gfx_mode
    insmod gzio
    if [ x$grub_platform = xxen ]; then insmod xzio; insmod lzopio; fi
    insmod part_gpt
    insmod ext2
    set root='hd1,gpt5'
    if [ x$feature_platform_search_hint = xy ]; then
      search --no-floppy --fs-uuid --set=root --hint-bios=hd1,gpt5 --hint-efi=hd1,gpt5 --hint-baremetal=ahci1,gpt5  47ba1d36-f88f-43f6-9377-789c5fbfd7b4
    else
      search --no-floppy --fs-uuid --set=root 47ba1d36-f88f-43f6-9377-789c5fbfd7b4
    fi
    linux    /boot/vmlinuz-4.13.0-43-generic.efi.signed root=UUID=47ba1d36-f88f-43f6-9377-789c5fbfd7b4 ro  quiet splash $vt_handoff
    initrd  /boot/initrd.img-4.13.0-43-generic
}
submenu 'Advanced options for Ubuntu' $menuentry_id_option 'gnulinux-advanced-47ba1d36-f88f-43f6-9377-789c5fbfd7b4' {
    menuentry 'Ubuntu, with Linux 4.13.0-43-generic' --class ubuntu --class gnu-linux --class gnu --class os $menuentry_id_option 'gnulinux-4.13.0-43-generic-advanced-47ba1d36-f88f-43f6-9377-789c5fbfd7b4' {
        recordfail
        load_video
        gfxmode $linux_gfx_mode
        insmod gzio
        if [ x$grub_platform = xxen ]; then insmod xzio; insmod lzopio; fi
        insmod part_gpt
        insmod ext2
        set root='hd1,gpt5'
        if [ x$feature_platform_search_hint = xy ]; then
          search --no-floppy --fs-uuid --set=root --hint-bios=hd1,gpt5 --hint-efi=hd1,gpt5 --hint-baremetal=ahci1,gpt5  47ba1d36-f88f-43f6-9377-789c5fbfd7b4
        else
          search --no-floppy --fs-uuid --set=root 47ba1d36-f88f-43f6-9377-789c5fbfd7b4
        fi
        echo 'Loading Linux 4.13.0-43-generic ...'
        linux   /boot/vmlinuz-4.13.0-43-generic.efi.signed root=UUID=47ba1d36-f88f-43f6-9377-789c5fbfd7b4 ro  quiet splash $vt_handoff
        echo    'Loading initial ramdisk ...'
        initrd  /boot/initrd.img-4.13.0-43-generic
    }
    menuentry 'Ubuntu, with Linux 4.13.0-43-generic (upstart)' --class ubuntu --class gnu-linux --class gnu --class os $menuentry_id_option 'gnulinux-4.13.0-43-generic-init-upstart-47ba1d36-f88f-43f6-9377-789c5fbfd7b4' {
        recordfail
        load_video
        gfxmode $linux_gfx_mode
        insmod gzio
        if [ x$grub_platform = xxen ]; then insmod xzio; insmod lzopio; fi
        insmod part_gpt
        insmod ext2
        set root='hd1,gpt5'
        if [ x$feature_platform_search_hint = xy ]; then
          search --no-floppy --fs-uuid --set=root --hint-bios=hd1,gpt5 --hint-efi=hd1,gpt5 --hint-baremetal=ahci1,gpt5  47ba1d36-f88f-43f6-9377-789c5fbfd7b4
        else
          search --no-floppy --fs-uuid --set=root 47ba1d36-f88f-43f6-9377-789c5fbfd7b4
        fi
        echo 'Loading Linux 4.13.0-43-generic ...'
        linux   /boot/vmlinuz-4.13.0-43-generic.efi.signed root=UUID=47ba1d36-f88f-43f6-9377-789c5fbfd7b4 ro  quiet splash $vt_handoff init=/sbin/upstart
        echo    'Loading initial ramdisk ...'
        initrd  /boot/initrd.img-4.13.0-43-generic
    }
    menuentry 'Ubuntu, with Linux 4.13.0-43-generic (recovery mode)' --class ubuntu --class gnu-linux --class gnu --class os $menuentry_id_option 'gnulinux-4.13.0-43-generic-recovery-47ba1d36-f88f-43f6-9377-789c5fbfd7b4' {
        recordfail
        load_video
        insmod gzio
        if [ x$grub_platform = xxen ]; then insmod xzio; insmod lzopio; fi
        insmod part_gpt
        insmod ext2
        set root='hd1,gpt5'
        if [ x$feature_platform_search_hint = xy ]; then
          search --no-floppy --fs-uuid --set=root --hint-bios=hd1,gpt5 --hint-efi=hd1,gpt5 --hint-baremetal=ahci1,gpt5  47ba1d36-f88f-43f6-9377-789c5fbfd7b4
        else
          search --no-floppy --fs-uuid --set=root 47ba1d36-f88f-43f6-9377-789c5fbfd7b4
        fi
        echo 'Loading Linux 4.13.0-43-generic ...'
        linux   /boot/vmlinuz-4.13.0-43-generic.efi.signed root=UUID=47ba1d36-f88f-43f6-9377-789c5fbfd7b4 ro recovery nomodeset
        echo    'Loading initial ramdisk ...'
        initrd  /boot/initrd.img-4.13.0-43-generic
    }
    menuentry 'Ubuntu, with Linux 4.13.0-41-generic' --class ubuntu --class gnu-linux --class gnu --class os $menuentry_id_option 'gnulinux-4.13.0-41-generic-advanced-47ba1d36-f88f-43f6-9377-789c5fbfd7b4' {
        recordfail
        load_video
        gfxmode $linux_gfx_mode
        insmod gzio
        if [ x$grub_platform = xxen ]; then insmod xzio; insmod lzopio; fi
        insmod part_gpt
        insmod ext2
        set root='hd1,gpt5'
        if [ x$feature_platform_search_hint = xy ]; then
          search --no-floppy --fs-uuid --set=root --hint-bios=hd1,gpt5 --hint-efi=hd1,gpt5 --hint-baremetal=ahci1,gpt5  47ba1d36-f88f-43f6-9377-789c5fbfd7b4
        else
          search --no-floppy --fs-uuid --set=root 47ba1d36-f88f-43f6-9377-789c5fbfd7b4
        fi
        echo 'Loading Linux 4.13.0-41-generic ...'
        linux   /boot/vmlinuz-4.13.0-41-generic.efi.signed root=UUID=47ba1d36-f88f-43f6-9377-789c5fbfd7b4 ro  quiet splash $vt_handoff
        echo    'Loading initial ramdisk ...'
        initrd  /boot/initrd.img-4.13.0-41-generic
    }
    menuentry 'Ubuntu, with Linux 4.13.0-41-generic (upstart)' --class ubuntu --class gnu-linux --class gnu --class os $menuentry_id_option 'gnulinux-4.13.0-41-generic-init-upstart-47ba1d36-f88f-43f6-9377-789c5fbfd7b4' {
        recordfail
        load_video
        gfxmode $linux_gfx_mode
        insmod gzio
        if [ x$grub_platform = xxen ]; then insmod xzio; insmod lzopio; fi
        insmod part_gpt
        insmod ext2
        set root='hd1,gpt5'
        if [ x$feature_platform_search_hint = xy ]; then
          search --no-floppy --fs-uuid --set=root --hint-bios=hd1,gpt5 --hint-efi=hd1,gpt5 --hint-baremetal=ahci1,gpt5  47ba1d36-f88f-43f6-9377-789c5fbfd7b4
        else
          search --no-floppy --fs-uuid --set=root 47ba1d36-f88f-43f6-9377-789c5fbfd7b4
        fi
        echo 'Loading Linux 4.13.0-41-generic ...'
        linux   /boot/vmlinuz-4.13.0-41-generic.efi.signed root=UUID=47ba1d36-f88f-43f6-9377-789c5fbfd7b4 ro  quiet splash $vt_handoff init=/sbin/upstart
        echo    'Loading initial ramdisk ...'
        initrd  /boot/initrd.img-4.13.0-41-generic
    }
    menuentry 'Ubuntu, with Linux 4.13.0-41-generic (recovery mode)' --class ubuntu --class gnu-linux --class gnu --class os $menuentry_id_option 'gnulinux-4.13.0-41-generic-recovery-47ba1d36-f88f-43f6-9377-789c5fbfd7b4' {
        recordfail
        load_video
        insmod gzio
        if [ x$grub_platform = xxen ]; then insmod xzio; insmod lzopio; fi
        insmod part_gpt
        insmod ext2
        set root='hd1,gpt5'
        if [ x$feature_platform_search_hint = xy ]; then
          search --no-floppy --fs-uuid --set=root --hint-bios=hd1,gpt5 --hint-efi=hd1,gpt5 --hint-baremetal=ahci1,gpt5  47ba1d36-f88f-43f6-9377-789c5fbfd7b4
        else
          search --no-floppy --fs-uuid --set=root 47ba1d36-f88f-43f6-9377-789c5fbfd7b4
        fi
        echo 'Loading Linux 4.13.0-41-generic ...'
        linux   /boot/vmlinuz-4.13.0-41-generic.efi.signed root=UUID=47ba1d36-f88f-43f6-9377-789c5fbfd7b4 ro recovery nomodeset
        echo    'Loading initial ramdisk ...'
        initrd  /boot/initrd.img-4.13.0-41-generic
    }
    menuentry 'Ubuntu, with Linux 4.13.0-36-generic' --class ubuntu --class gnu-linux --class gnu --class os $menuentry_id_option 'gnulinux-4.13.0-36-generic-advanced-47ba1d36-f88f-43f6-9377-789c5fbfd7b4' {
        recordfail
        load_video
        gfxmode $linux_gfx_mode
        insmod gzio
        if [ x$grub_platform = xxen ]; then insmod xzio; insmod lzopio; fi
        insmod part_gpt
        insmod ext2
        set root='hd1,gpt5'
        if [ x$feature_platform_search_hint = xy ]; then
          search --no-floppy --fs-uuid --set=root --hint-bios=hd1,gpt5 --hint-efi=hd1,gpt5 --hint-baremetal=ahci1,gpt5  47ba1d36-f88f-43f6-9377-789c5fbfd7b4
        else
          search --no-floppy --fs-uuid --set=root 47ba1d36-f88f-43f6-9377-789c5fbfd7b4
        fi
        echo 'Loading Linux 4.13.0-36-generic ...'
        linux   /boot/vmlinuz-4.13.0-36-generic.efi.signed root=UUID=47ba1d36-f88f-43f6-9377-789c5fbfd7b4 ro  quiet splash $vt_handoff
        echo    'Loading initial ramdisk ...'
        initrd  /boot/initrd.img-4.13.0-36-generic
    }
    menuentry 'Ubuntu, with Linux 4.13.0-36-generic (upstart)' --class ubuntu --class gnu-linux --class gnu --class os $menuentry_id_option 'gnulinux-4.13.0-36-generic-init-upstart-47ba1d36-f88f-43f6-9377-789c5fbfd7b4' {
        recordfail
        load_video
        gfxmode $linux_gfx_mode
        insmod gzio
        if [ x$grub_platform = xxen ]; then insmod xzio; insmod lzopio; fi
        insmod part_gpt
        insmod ext2
        set root='hd1,gpt5'
        if [ x$feature_platform_search_hint = xy ]; then
          search --no-floppy --fs-uuid --set=root --hint-bios=hd1,gpt5 --hint-efi=hd1,gpt5 --hint-baremetal=ahci1,gpt5  47ba1d36-f88f-43f6-9377-789c5fbfd7b4
        else
          search --no-floppy --fs-uuid --set=root 47ba1d36-f88f-43f6-9377-789c5fbfd7b4
        fi
        echo 'Loading Linux 4.13.0-36-generic ...'
        linux   /boot/vmlinuz-4.13.0-36-generic.efi.signed root=UUID=47ba1d36-f88f-43f6-9377-789c5fbfd7b4 ro  quiet splash $vt_handoff init=/sbin/upstart
        echo    'Loading initial ramdisk ...'
        initrd  /boot/initrd.img-4.13.0-36-generic
    }
    menuentry 'Ubuntu, with Linux 4.13.0-36-generic (recovery mode)' --class ubuntu --class gnu-linux --class gnu --class os $menuentry_id_option 'gnulinux-4.13.0-36-generic-recovery-47ba1d36-f88f-43f6-9377-789c5fbfd7b4' {
        recordfail
        load_video
        insmod gzio
        if [ x$grub_platform = xxen ]; then insmod xzio; insmod lzopio; fi
        insmod part_gpt
        insmod ext2
        set root='hd1,gpt5'
        if [ x$feature_platform_search_hint = xy ]; then
          search --no-floppy --fs-uuid --set=root --hint-bios=hd1,gpt5 --hint-efi=hd1,gpt5 --hint-baremetal=ahci1,gpt5  47ba1d36-f88f-43f6-9377-789c5fbfd7b4
        else
          search --no-floppy --fs-uuid --set=root 47ba1d36-f88f-43f6-9377-789c5fbfd7b4
        fi
        echo 'Loading Linux 4.13.0-36-generic ...'
        linux   /boot/vmlinuz-4.13.0-36-generic.efi.signed root=UUID=47ba1d36-f88f-43f6-9377-789c5fbfd7b4 ro recovery nomodeset
        echo    'Loading initial ramdisk ...'
        initrd  /boot/initrd.img-4.13.0-36-generic
    }
}

### END /etc/grub.d/10_linux ###

### BEGIN /etc/grub.d/20_linux_xen ###

### END /etc/grub.d/20_linux_xen ###

### BEGIN /etc/grub.d/20_memtest86+ ###
### END /etc/grub.d/20_memtest86+ ###

### BEGIN /etc/grub.d/25_custom ###

menuentry &quot;Windows UEFI bootmgfw.efi&quot; {
search --fs-uuid --no-floppy --set=root 76B0-89A4
chainloader (${root})/EFI/Microsoft/Boot/bootmgfw.efi
}

menuentry &quot;Windows Boot UEFI loader&quot; {
search --fs-uuid --no-floppy --set=root 76B0-89A4
chainloader (${root})/EFI/Boot.2018-07-04/bkpbootx64.efi
}

menuentry &quot;Windows Boot UEFI bkpbootx64.efi&quot; {
search --fs-uuid --no-floppy --set=root 76B0-89A4
chainloader (${root})/EFI/Boot/bkpbootx64.efi
}

menuentry &quot;EFI/GRUB/mmx64.efi&quot; {
search --fs-uuid --no-floppy --set=root 76B0-89A4
chainloader (${root})/EFI/GRUB/mmx64.efi
}

menuentry &quot;EFI/ubuntu/fwupx64.efi&quot; {
search --fs-uuid --no-floppy --set=root 76B0-89A4
chainloader (${root})/EFI/ubuntu/fwupx64.efi
}

menuentry &quot;EFI/ubuntu/mmx64.efi&quot; {
search --fs-uuid --no-floppy --set=root 76B0-89A4
chainloader (${root})/EFI/ubuntu/mmx64.efi
}

menuentry &quot;EFI/OEM/Boot/bootmgfw.efi&quot; {
search --fs-uuid --no-floppy --set=root 76B0-89A4
chainloader (${root})/EFI/OEM/Boot/bootmgfw.efi
}
### END /etc/grub.d/25_custom ###

### BEGIN /etc/grub.d/30_os-prober ###
menuentry 'Windows Boot Manager (on /dev/sdb1)' --class windows --class os $menuentry_id_option 'osprober-efi-76B0-89A4' {
    insmod part_gpt
    insmod fat
    set root='hd1,gpt1'
    if [ x$feature_platform_search_hint = xy ]; then
      search --no-floppy --fs-uuid --set=root --hint-bios=hd1,gpt1 --hint-efi=hd1,gpt1 --hint-baremetal=ahci1,gpt1  76B0-89A4
    else
      search --no-floppy --fs-uuid --set=root 76B0-89A4
    fi
    chainloader /EFI/Microsoft/Boot/bootmgfw.efi
}
set timeout_style=menu
if [ &quot;${timeout}&quot; = 0 ]; then
  set timeout=10
fi
### END /etc/grub.d/30_os-prober ###

### BEGIN /etc/grub.d/30_uefi-firmware ###
menuentry 'System setup' $menuentry_id_option 'uefi-firmware' {
    fwsetup
}
### END /etc/grub.d/30_uefi-firmware ###

### BEGIN /etc/grub.d/40_custom ###
# This file provides an easy way to add custom menu entries.  Simply type the
# menu entries you want to add after this comment.  Be careful not to change
# the 'exec tail' line above.
### END /etc/grub.d/40_custom ###

### BEGIN /etc/grub.d/41_custom ###
if [ -f  ${config_directory}/custom.cfg ]; then
  source ${config_directory}/custom.cfg
elif [ -z &quot;${config_directory}&quot; -a -f  $prefix/custom.cfg ]; then
  source $prefix/custom.cfg;
fi
### END /etc/grub.d/41_custom ###
--------------------------------------------------------------------------------

=============================== sdb5/etc/fstab: ================================

--------------------------------------------------------------------------------
# /etc/fstab: static file system information.
#
# Use 'blkid' to print the universally unique identifier for a
# device; this may be used with UUID= as a more robust way to name devices
# that works even if disks are added and removed. See fstab(5).
#
# &lt;file system&gt; &lt;mount point&gt;   &lt;type&gt;  &lt;options&gt;       &lt;dump&gt;  &lt;pass&gt;
# / was on /dev/sdb5 during installation
UUID=47ba1d36-f88f-43f6-9377-789c5fbfd7b4 /               ext4    errors=remount-ro 0       1
# /boot/efi was on /dev/sdb1 during installation
#UUID=76B0-89A4  /boot/efi       vfat    umask=0077      0       1
# swap was on /dev/sdb6 during installation
UUID=6774d713-3e3a-47d0-9dd5-4601fdcfd8ff none            swap    sw              0       0
UUID=76B0-89A4   /boot/efi   vfat    defaults    0   1
--------------------------------------------------------------------------------

=================== sdb5: Location of files loaded by Grub: ====================

           GiB - GB             File                                 Fragment(s)

  99.872020721 = 107.236765696  boot/grub/grub.cfg                             1
  72.831398010 = 78.202118144   boot/vmlinuz-4.13.0-36-generic                 2
 100.067337036 = 107.446484992  boot/vmlinuz-4.13.0-36-generic.efi.signed      1
  95.081108093 = 102.092562432  boot/vmlinuz-4.13.0-41-generic                 1
  94.440776825 = 101.405011968  boot/vmlinuz-4.13.0-41-generic.efi.signed      1
  73.971622467 = 79.426424832   boot/vmlinuz-4.13.0-43-generic                 1
  95.468120575 = 102.508113920  boot/vmlinuz-4.13.0-43-generic.efi.signed      1
  73.971622467 = 79.426424832   vmlinuz                                        1
  95.081108093 = 102.092562432  vmlinuz.old                                    1
  91.921257019 = 98.699698176   boot/initrd.img-4.13.0-36-generic              2
  81.335319519 = 87.333134336   boot/initrd.img-4.13.0-41-generic              1
  96.757286072 = 103.892344832  boot/initrd.img-4.13.0-43-generic              4
  96.757286072 = 103.892344832  initrd.img                                     4
  81.335319519 = 87.333134336   initrd.img.old                                 1

======================== Unknown MBRs/Boot Sectors/etc: ========================

Unknown MBR on /dev/sdc

00000000  45 52 08 00 00 00 90 90  00 00 00 00 00 00 00 00  |ER..............|
00000010  00 00 00 00 00 00 00 00  00 00 00 00 00 00 00 00  |................|
00000020  33 ed fa 8e d5 bc 00 7c  fb fc 66 31 db 66 31 c9  |3......|..f1.f1.|
00000030  66 53 66 51 06 57 8e dd  8e c5 52 be 00 7c bf 00  |fSfQ.W....R..|..|
00000040  06 b9 00 01 f3 a5 ea 4b  06 00 00 52 b4 41 bb aa  |.......K...R.A..|
00000050  55 31 c9 30 f6 f9 cd 13  72 16 81 fb 55 aa 75 10  |U1.0....r...U.u.|
00000060  83 e1 01 74 0b 66 c7 06  f3 06 b4 42 eb 15 eb 02  |...t.f.....B....|
00000070  31 c9 5a 51 b4 08 cd 13  5b 0f b6 c6 40 50 83 e1  |1.ZQ....[...@P..|
00000080  3f 51 f7 e1 53 52 50 bb  00 7c b9 04 00 66 a1 b0  |?Q..SRP..|...f..|
00000090  07 e8 44 00 0f 82 80 00  66 40 80 c7 02 e2 f2 66  |..D.....f@.....f|
000000a0  81 3e 40 7c fb c0 78 70  75 09 fa bc ec 7b ea 44  |.&gt;@|..xpu....{.D|
000000b0  7c 00 00 e8 83 00 69 73  6f 6c 69 6e 75 78 2e 62  ||.....isolinux.b|
000000c0  69 6e 20 6d 69 73 73 69  6e 67 20 6f 72 20 63 6f  |in missing or co|
000000d0  72 72 75 70 74 2e 0d 0a  66 60 66 31 d2 66 03 06  |rrupt...f`f1.f..|
000000e0  f8 7b 66 13 16 fc 7b 66  52 66 50 06 53 6a 01 6a  |.{f...{fRfP.Sj.j|
000000f0  10 89 e6 66 f7 36 e8 7b  c0 e4 06 88 e1 88 c5 92  |...f.6.{........|
00000100  f6 36 ee 7b 88 c6 08 e1  41 b8 01 02 8a 16 f2 7b  |.6.{....A......{|
00000110  cd 13 8d 64 10 66 61 c3  e8 1e 00 4f 70 65 72 61  |...d.fa....Opera|
00000120  74 69 6e 67 20 73 79 73  74 65 6d 20 6c 6f 61 64  |ting system load|
00000130  20 65 72 72 6f 72 2e 0d  0a 5e ac b4 0e 8a 3e 62  | error...^....&gt;b|
00000140  04 b3 07 cd 10 3c 0a 75  f1 cd 18 f4 eb fd 00 00  |.....&lt;.u........|
00000150  00 00 00 00 00 00 00 00  00 00 00 00 00 00 00 00  |................|
00000160  00 00 00 00 00 00 00 00  00 00 00 00 00 00 00 00  |................|
00000170  00 00 00 00 00 00 00 00  00 00 00 00 00 00 00 00  |................|
00000180  00 00 00 00 00 00 00 00  00 00 00 00 00 00 00 00  |................|
00000190  00 00 00 00 00 00 00 00  00 00 00 00 00 00 00 00  |................|
000001a0  00 00 00 00 00 00 00 00  00 00 00 00 00 00 00 00  |................|
000001b0  9c 04 00 00 00 00 00 00  28 74 e9 67 00 00 80 00  |........(t.g....|
000001c0  01 00 00 40 e0 f6 00 00  00 00 e0 36 20 00 00 fe  |...@.......6 ...|
000001d0  ff ff ef fe ff ff 78 2f  00 00 40 12 00 00 00 00  |......x/..@.....|
000001e0  00 00 00 00 00 00 00 00  00 00 00 00 00 00 00 00  |................|
000001f0  00 00 00 00 00 00 00 00  00 00 00 00 00 00 55 aa  |..............U.|
00000200


/dev/sdc1: unknown GPT attributes
1000000000000001

/dev/sdc2: unknown GPT attributes
1000000000000001
Unknown BootLoader on sdc1

00000000  45 52 08 00 00 00 90 90  00 00 00 00 00 00 00 00  |ER..............|
00000010  00 00 00 00 00 00 00 00  00 00 00 00 00 00 00 00  |................|
00000020  33 ed fa 8e d5 bc 00 7c  fb fc 66 31 db 66 31 c9  |3......|..f1.f1.|
00000030  66 53 66 51 06 57 8e dd  8e c5 52 be 00 7c bf 00  |fSfQ.W....R..|..|
00000040  06 b9 00 01 f3 a5 ea 4b  06 00 00 52 b4 41 bb aa  |.......K...R.A..|
00000050  55 31 c9 30 f6 f9 cd 13  72 16 81 fb 55 aa 75 10  |U1.0....r...U.u.|
00000060  83 e1 01 74 0b 66 c7 06  f3 06 b4 42 eb 15 eb 02  |...t.f.....B....|
00000070  31 c9 5a 51 b4 08 cd 13  5b 0f b6 c6 40 50 83 e1  |1.ZQ....[...@P..|
00000080  3f 51 f7 e1 53 52 50 bb  00 7c b9 04 00 66 a1 b0  |?Q..SRP..|...f..|
00000090  07 e8 44 00 0f 82 80 00  66 40 80 c7 02 e2 f2 66  |..D.....f@.....f|
000000a0  81 3e 40 7c fb c0 78 70  75 09 fa bc ec 7b ea 44  |.&gt;@|..xpu....{.D|
000000b0  7c 00 00 e8 83 00 69 73  6f 6c 69 6e 75 78 2e 62  ||.....isolinux.b|
000000c0  69 6e 20 6d 69 73 73 69  6e 67 20 6f 72 20 63 6f  |in missing or co|
000000d0  72 72 75 70 74 2e 0d 0a  66 60 66 31 d2 66 03 06  |rrupt...f`f1.f..|
000000e0  f8 7b 66 13 16 fc 7b 66  52 66 50 06 53 6a 01 6a  |.{f...{fRfP.Sj.j|
000000f0  10 89 e6 66 f7 36 e8 7b  c0 e4 06 88 e1 88 c5 92  |...f.6.{........|
00000100  f6 36 ee 7b 88 c6 08 e1  41 b8 01 02 8a 16 f2 7b  |.6.{....A......{|
00000110  cd 13 8d 64 10 66 61 c3  e8 1e 00 4f 70 65 72 61  |...d.fa....Opera|
00000120  74 69 6e 67 20 73 79 73  74 65 6d 20 6c 6f 61 64  |ting system load|
00000130  20 65 72 72 6f 72 2e 0d  0a 5e ac b4 0e 8a 3e 62  | error...^....&gt;b|
00000140  04 b3 07 cd 10 3c 0a 75  f1 cd 18 f4 eb fd 00 00  |.....&lt;.u........|
00000150  00 00 00 00 00 00 00 00  00 00 00 00 00 00 00 00  |................|
*
000001b0  9c 04 00 00 00 00 00 00  28 74 e9 67 00 00 80 00  |........(t.g....|
000001c0  01 00 00 40 e0 f6 00 00  00 00 e0 36 20 00 00 fe  |...@.......6 ...|
000001d0  ff ff ef fe ff ff 78 2f  00 00 40 12 00 00 00 00  |......x/..@.....|
000001e0  00 00 00 00 00 00 00 00  00 00 00 00 00 00 00 00  |................|
000001f0  00 00 00 00 00 00 00 00  00 00 00 00 00 00 55 aa  |..............U.|
00000200


=============================== StdErr Messages: ===============================

File descriptor 8 (/proc/3732/mountinfo) leaked on lvs invocation. Parent PID 20069: bash
File descriptor 63 (pipe:[60560]) leaked on lvs invocation. Parent PID 20069: bash

ADDITIONAL INFORMATION :
=================== log of boot-repair 20180704_1807 ===================
boot-repair version : 4ppa65
boot-sav version : 4ppa65
boot-sav-extra version : 4ppa65
glade2script version : 3.2.3~ppa4
grub-probe: error: cannot find a GRUB drive for /dev/sdc1.  Check your device.map.
Warning: failed to translate partition name
Warning: The driver descriptor says the physical block size is 2048 bytes, but Linux says it is 512 bytes.
boot-repair is executed in live-session (Ubuntu 18.04 LTS, bionic, Ubuntu, x86_64)
CPU op-mode(s):      32-bit, 64-bit
BOOT_IMAGE=/casper/vmlinuz file=/cdrom/preseed/lubuntu.seed boot=casper quiet splash ---
ls: cannot access '/home/usr/.config': No such file or directory

=================== os-prober:
/dev/sdb1@/efi/Microsoft/Boot/bootmgfw.efi:Windows Boot Manager:Windows:efi
/dev/sdb5:Ubuntu 16.04.4 LTS (16.04):Ubuntu:linux

=================== blkid:
/dev/sda1: LABEL=&quot;Data&quot; UUID=&quot;B42CB9132CB8D19A&quot; TYPE=&quot;ntfs&quot; PARTLABEL=&quot;Basic data partition&quot; PARTUUID=&quot;e2a2ee64-481d-4d92-bffe-7eb39e949f7a&quot;
/dev/sdb1: LABEL=&quot;ESP&quot; UUID=&quot;76B0-89A4&quot; TYPE=&quot;vfat&quot; PARTLABEL=&quot;EFI system partition&quot; PARTUUID=&quot;c8f97a16-f39a-46c4-beb5-61df0b1bef48&quot;
/dev/sdb3: LABEL=&quot;Acer&quot; UUID=&quot;1C68B20B68B1E3A4&quot; TYPE=&quot;ntfs&quot; PARTLABEL=&quot;Basic data partition&quot; PARTUUID=&quot;b0f5ec93-b35f-4167-b723-38ae5d060b4e&quot;
/dev/sdb4: LABEL=&quot;Recovery&quot; UUID=&quot;BE42B2E242B29F19&quot; TYPE=&quot;ntfs&quot; PARTLABEL=&quot;Basic data partition&quot; PARTUUID=&quot;2f19af75-2afa-4780-b274-7768c0871177&quot;
/dev/sdb5: UUID=&quot;47ba1d36-f88f-43f6-9377-789c5fbfd7b4&quot; TYPE=&quot;ext4&quot; PARTLABEL=&quot;ubuntu&quot; PARTUUID=&quot;66b00fa8-a7d9-4049-82df-cb130f1a519c&quot;
/dev/loop0: TYPE=&quot;squashfs&quot;
/dev/sdb6: UUID=&quot;6774d713-3e3a-47d0-9dd5-4601fdcfd8ff&quot; TYPE=&quot;swap&quot; PARTUUID=&quot;2dafa0dd-9279-48f1-b6fb-829dc860d668&quot;
/dev/sdc1: UUID=&quot;2018-04-26-18-40-24-00&quot; LABEL=&quot;Lubuntu 18.04 LTS amd64&quot; TYPE=&quot;iso9660&quot; PTUUID=&quot;67e97428&quot; PTTYPE=&quot;dos&quot; PARTUUID=&quot;67e97428-01&quot;
/dev/sdc2: SEC_TYPE=&quot;msdos&quot; UUID=&quot;044E-AC17&quot; TYPE=&quot;vfat&quot; PARTUUID=&quot;67e97428-02&quot;
/dev/zram0: UUID=&quot;853c2427-b72a-42d0-a042-7a3f2aa30728&quot; TYPE=&quot;swap&quot;
/dev/zram1: UUID=&quot;871b3856-607f-43da-bc58-41ab8640a73b&quot; TYPE=&quot;swap&quot;
/dev/zram2: UUID=&quot;5ab7c645-e361-425e-880b-a0765de07a2c&quot; TYPE=&quot;swap&quot;
/dev/zram3: UUID=&quot;91843195-78a4-4710-821d-f754bbc42c76&quot; TYPE=&quot;swap&quot;
/dev/sdb2: PARTLABEL=&quot;Microsoft reserved partition&quot; PARTUUID=&quot;b74932e4-b8f6-4784-9828-8aeb782d3cf3&quot;


1 disks with OS, 2 OS : 1 Linux, 0 MacOS, 1 Windows, 0 unknown type OS.

Windows not detected by os-prober on sdb3.
Presence of EFI/Boot file detected: /mnt/boot-sav/sda1/efi/Boot/bootx64.efi
Presence of EFI/Microsoft file detected: /mnt/boot-sav/sdb1/EFI/Microsoft/Boot/bootmgfw.efi
Presence of EFI/Boot file detected: /mnt/boot-sav/sdb1/EFI/Boot/bootx64.efi
Presence of bkp file detected: /mnt/boot-sav/sdb1/EFI/Boot.2018-07-04/bkpbootx64.efi

=================== sdb5/etc/grub.d/ :
drwxr-xr-x  2 root root     4096 May  8 03:24 grub.d
total 84
-rwxr-xr-x 1 root root  9791 Feb  8 14:55 00_header
-rwxr-xr-x 1 root root  6258 Jan 24 21:21 05_debian_theme
-rwxr-xr-x 1 root root 12512 Feb  8 14:55 10_linux
-rwxr-xr-x 1 root root 11082 Feb  8 14:55 20_linux_xen
-rwxr-xr-x 1 root root  1992 Jan 28  2016 20_memtest86+
-rwxr-xr-x 1 root root   721 May  8 03:24 25_custom
-rwxr-xr-x 1 root root 11692 Feb  8 14:55 30_os-prober
-rwxr-xr-x 1 root root  1418 Feb  8 14:55 30_uefi-firmware
-rwxr-xr-x 1 root root   214 Feb  8 14:55 40_custom
-rwxr-xr-x 1 root root   216 Feb  8 14:55 41_custom
-rw-r--r-- 1 root root   483 Feb  8 14:55 README




=================== sdb5/etc/default/grub :

# If you change this file, run 'update-grub' afterwards to update
# /boot/grub/grub.cfg.
# For full documentation of the options in this file, see:
#   info -f grub -n 'Simple configuration'

GRUB_DEFAULT=0
#GRUB_HIDDEN_TIMEOUT=0
GRUB_HIDDEN_TIMEOUT_QUIET=true
GRUB_TIMEOUT=10
GRUB_DISTRIBUTOR=`lsb_release -i -s 2&gt; /dev/null || echo Debian`
GRUB_CMDLINE_LINUX_DEFAULT=&quot;quiet splash&quot;
GRUB_CMDLINE_LINUX=&quot;&quot;

# Uncomment to enable BadRAM filtering, modify to suit your needs
# This works with Linux (no patch required) and with any kernel that obtains
# the memory map information from GRUB (GNU Mach, kernel of FreeBSD ...)
#GRUB_BADRAM=&quot;0x01234567,0xfefefefe,0x89abcdef,0xefefefef&quot;

# Uncomment to disable graphical terminal (grub-pc only)
#GRUB_TERMINAL=console

# The resolution used on graphical terminal
# note that you can use only modes which your graphic card supports via VBE
# you can see them in real GRUB with the command `vbeinfo'
#GRUB_GFXMODE=640x480

# Uncomment if you don't want GRUB to pass &quot;root=UUID=xxx&quot; parameter to Linux
#GRUB_DISABLE_LINUX_UUID=true

# Uncomment to disable generation of recovery mode menu entries
#GRUB_DISABLE_RECOVERY=&quot;true&quot;

# Uncomment to get a beep at grub start
#GRUB_INIT_TUNE=&quot;480 440 1&quot;



/boot/efi detected in the fstab of sdb5: UUID=76B0-89A4   (sdb1)

=================== efibootmgr -v
BootCurrent: 0001
Timeout: 0 seconds
BootOrder: 0003,0001,2001,2002,2003
Boot0000* Unknown Device:   HD(1,GPT,c8f97a16-f39a-46c4-beb5-61df0b1bef48,0x800,0x32000)/File(EFIubuntushimx64.efi)RC
Boot0001* Linux HD(1,MBR,0x67e97428,0x2f78,0x1240)/File(EFIBootgrubx64.efi)RC
Boot0002* GRUB  HD(1,GPT,c8f97a16-f39a-46c4-beb5-61df0b1bef48,0x800,0x32000)/File(EFIGRUBshimx64.efi)
Boot0003* Windows Boot Manager  HD(1,GPT,c8f97a16-f39a-46c4-beb5-61df0b1bef48,0x800,0x32000)/File(EFIMicrosoftBootbootmgfw.efi)WINDOWS.........x...B.C.D.O.B.J.E.C.T.=.{.9.d.e.a.8.6.2.c.-.5.c.d.d.-.4.e.7.0.-.a.c.c.1.-.f.3.2.b.3.4.4.d.4.7.9.5.}....................
Boot0004* ubuntu    HD(1,GPT,c8f97a16-f39a-46c4-beb5-61df0b1bef48,0x800,0x32000)/File(EFIubuntushimx64.efi)
Boot2001* EFI USB Device    RC
Boot2002* EFI DVD/CDROM RC
Boot2003* EFI Network   RC

=================== UEFI/Legacy mode:
BIOS is EFI-compatible, and is setup in EFI-mode for this live-session.
SecureBoot enabled.


=================== PARTITIONS &amp; DISKS:
sda1    : sda,  not-sepboot,    no-grubenv  nogrub, no-docgrub, no-update-grub, 32, no-boot,    no-os,  is-maybe-EFI,   part-has-no-fstab,  part-has-no-fstab,  no-nt,  no-winload, no-recov-nor-hid,   no-bmgr,    notwinboot, nopakmgr,   nogrubinstall,  no---usr,   part-has-no-fstab,  not-sep-usr,    standard,   farbios,    notbiosboot, /mnt/boot-sav/sda1.
sdb1    : sdb,  not-sepboot,    no-grubenv  nogrub, no-docgrub, no-update-grub, 32, no-boot,    is-os,  is-correct-EFI, part-has-no-fstab,  part-has-no-fstab,  no-nt,  no-winload, no-recov-nor-hid,   no-bmgr,    notwinboot, nopakmgr,   nogrubinstall,  no---usr,   part-has-no-fstab,  not-sep-usr,    standard,   not-far,    notbiosboot, /mnt/boot-sav/sdb1.
sdb3    : sdb,  not-sepboot,    no-grubenv  nogrub, no-docgrub, no-update-grub, 32, no-boot,    is-os,  not--efi--part, part-has-no-fstab,  part-has-no-fstab,  no-nt,  haswinload, no-recov-nor-hid,   bootmgr,    notwinboot, nopakmgr,   nogrubinstall,  no---usr,   part-has-no-fstab,  not-sep-usr,    standard,   not-far,    notbiosboot, /mnt/boot-sav/sdb3.
sdb4    : sdb,  not-sepboot,    no-grubenv  nogrub, no-docgrub, no-update-grub, 32, no-boot,    no-os,  not--efi--part, part-has-no-fstab,  part-has-no-fstab,  no-nt,  no-winload, recovery-or-hidden, no-bmgr,    notwinboot, nopakmgr,   nogrubinstall,  no---usr,   part-has-no-fstab,  not-sep-usr,    standard,   farbios,    notbiosboot, /mnt/boot-sav/sdb4.
sdb5    : sdb,  not-sepboot,    grubenv-ok  grub2,  signed grub-efi ,   update-grub,    64, with-boot,  is-os,  not--efi--part, fstab-without-boot, fstab-has-goodEFI,  no-nt,  no-winload, no-recov-nor-hid,   no-bmgr,    notwinboot, apt-get,    grub-install,   with--usr,  fstab-without-usr,  not-sep-usr,    standard,   farbios,    notbiosboot, /mnt/boot-sav/sdb5.

sda : GPT,  no-BIOS_boot,   has-maybe-EFI,  not-usb,    not-mmc, no-os, 2048 sectors * 512 bytes
sdb : GPT,  no-BIOS_boot,   has-correctEFI,     not-usb,    not-mmc, has-os,    2048 sectors * 512 bytes


=================== parted -lm:

BYT;
/dev/sda:1000GB:scsi:512:4096:gpt:ATA ST1000LM035-1RK1:;
1:1049kB:1000GB:1000GB:ntfs:Basic data partition:msftdata;

BYT;
/dev/sdb:128GB:scsi:512:512:gpt:ATA KINGSTON RBUSNS8:;
1:1049kB:106MB:105MB:fat32:EFI system partition:boot, esp;
2:106MB:123MB:16.8MB::Microsoft reserved partition:msftres;
3:123MB:77.0GB:76.9GB:ntfs:Basic data partition:msftdata;
5:77.0GB:110GB:32.9GB:ext4:ubuntu:;
6:110GB:127GB:17.0GB:linux-swap(v1)::;
4:127GB:128GB:1074MB:ntfs::hidden, diag;

BYT;
/dev/sdc:4027MB:scsi:512:512:unknown:General UDisk:;

BYT;
/dev/zram3:2085MB:unknown:4096:4096:loop:Unknown:;
1:0.00B:2085MB:2085MB:linux-swap(v1)::;

BYT;
/dev/zram1:2085MB:unknown:4096:4096:loop:Unknown:;
1:0.00B:2085MB:2085MB:linux-swap(v1)::;

BYT;
/dev/zram2:2085MB:unknown:4096:4096:loop:Unknown:;
1:0.00B:2085MB:2085MB:linux-swap(v1)::;

BYT;
/dev/zram0:2085MB:unknown:4096:4096:loop:Unknown:;
1:0.00B:2085MB:2085MB:linux-swap(v1)::;

=================== lsblk:
KNAME TYPE FSTYPE     SIZE LABEL
loop0 loop squashfs 967.6M
sda   disk          931.5G
sda1  part ntfs     931.5G Data
sdb   disk          119.2G
sdb1  part vfat       100M ESP
sdb2  part             16M
sdb3  part ntfs      71.6G Acer
sdb4  part ntfs         1G Recovery
sdb5  part ext4      30.7G
sdb6  part swap      15.9G
sdc   disk iso9660    3.8G Lubuntu 18.04 LTS amd64
sdc1  part iso9660      1G Lubuntu 18.04 LTS amd64
sdc2  part vfat       2.3M Lubuntu 18.04 LTS amd64
zram0 disk              2G
zram1 disk              2G
zram2 disk              2G
zram3 disk              2G

KNAME ROTA RO RM STATE   MOUNTPOINT
loop0    1  1  0         /rofs
sda      1  0  0 running
sda1     1  0  0         /mnt/boot-sav/sda1
sdb      0  0  0 running
sdb1     0  0  0         /mnt/boot-sav/sdb1
sdb2     0  0  0
sdb3     0  0  0         /mnt/boot-sav/sdb3
sdb4     0  0  0         /mnt/boot-sav/sdb4
sdb5     0  0  0         /mnt/boot-sav/sdb5
sdb6     0  0  0         [SWAP]
sdc      1  0  1 running /cdrom
sdc1     1  0  1
sdc2     1  0  1
zram0    0  0  0         [SWAP]
zram1    0  0  0         [SWAP]
zram2    0  0  0         [SWAP]
zram3    0  0  0         [SWAP]


=================== mount:
sysfs on /sys type sysfs (rw,nosuid,nodev,noexec,relatime)
proc on /proc type proc (rw,nosuid,nodev,noexec,relatime)
udev on /dev type devtmpfs (rw,nosuid,relatime,size=8124260k,nr_inodes=2031065,mode=755)
devpts on /dev/pts type devpts (rw,nosuid,noexec,relatime,gid=5,mode=620,ptmxmode=000)
tmpfs on /run type tmpfs (rw,nosuid,noexec,relatime,size=1629100k,mode=755)
/dev/sdc on /cdrom type iso9660 (ro,noatime,nojoliet,check=s,map=n,blocksize=2048)
/dev/loop0 on /rofs type squashfs (ro,noatime)
/cow on / type overlay (rw,relatime,lowerdir=//filesystem.squashfs,upperdir=/cow/upper,workdir=/cow/work)
securityfs on /sys/kernel/security type securityfs (rw,nosuid,nodev,noexec,relatime)
tmpfs on /dev/shm type tmpfs (rw,nosuid,nodev)
tmpfs on /run/lock type tmpfs (rw,nosuid,nodev,noexec,relatime,size=5120k)
tmpfs on /sys/fs/cgroup type tmpfs (ro,nosuid,nodev,noexec,mode=755)
cgroup on /sys/fs/cgroup/unified type cgroup2 (rw,nosuid,nodev,noexec,relatime,nsdelegate)
cgroup on /sys/fs/cgroup/systemd type cgroup (rw,nosuid,nodev,noexec,relatime,xattr,name=systemd)
pstore on /sys/fs/pstore type pstore (rw,nosuid,nodev,noexec,relatime)
efivarfs on /sys/firmware/efi/efivars type efivarfs (rw,nosuid,nodev,noexec,relatime)
cgroup on /sys/fs/cgroup/cpuset type cgroup (rw,nosuid,nodev,noexec,relatime,cpuset)
cgroup on /sys/fs/cgroup/pids type cgroup (rw,nosuid,nodev,noexec,relatime,pids)
cgroup on /sys/fs/cgroup/rdma type cgroup (rw,nosuid,nodev,noexec,relatime,rdma)
cgroup on /sys/fs/cgroup/hugetlb type cgroup (rw,nosuid,nodev,noexec,relatime,hugetlb)
cgroup on /sys/fs/cgroup/devices type cgroup (rw,nosuid,nodev,noexec,relatime,devices)
cgroup on /sys/fs/cgroup/net_cls,net_prio type cgroup (rw,nosuid,nodev,noexec,relatime,net_cls,net_prio)
cgroup on /sys/fs/cgroup/memory type cgroup (rw,nosuid,nodev,noexec,relatime,memory)
cgroup on /sys/fs/cgroup/cpu,cpuacct type cgroup (rw,nosuid,nodev,noexec,relatime,cpu,cpuacct)
cgroup on /sys/fs/cgroup/freezer type cgroup (rw,nosuid,nodev,noexec,relatime,freezer)
cgroup on /sys/fs/cgroup/blkio type cgroup (rw,nosuid,nodev,noexec,relatime,blkio)
cgroup on /sys/fs/cgroup/perf_event type cgroup (rw,nosuid,nodev,noexec,relatime,perf_event)
systemd-1 on /proc/sys/fs/binfmt_misc type autofs (rw,relatime,fd=30,pgrp=1,timeout=0,minproto=5,maxproto=5,direct,pipe_ino=16807)
debugfs on /sys/kernel/debug type debugfs (rw,relatime)
hugetlbfs on /dev/hugepages type hugetlbfs (rw,relatime,pagesize=2M)
mqueue on /dev/mqueue type mqueue (rw,relatime)
tracefs on /sys/kernel/debug/tracing type tracefs (rw,relatime)
fusectl on /sys/fs/fuse/connections type fusectl (rw,relatime)
configfs on /sys/kernel/config type configfs (rw,relatime)
tmpfs on /tmp type tmpfs (rw,nosuid,nodev,relatime)
tmpfs on /run/user/999 type tmpfs (rw,nosuid,nodev,relatime,size=1629096k,mode=700,uid=999,gid=999)
gvfsd-fuse on /run/user/999/gvfs type fuse.gvfsd-fuse (rw,nosuid,nodev,relatime,user_id=999,group_id=999)
/dev/sda1 on /mnt/boot-sav/sda1 type fuseblk (rw,relatime,user_id=0,group_id=0,allow_other,blksize=4096)
/dev/sdb1 on /mnt/boot-sav/sdb1 type vfat (rw,relatime,fmask=0022,dmask=0022,codepage=437,iocharset=iso8859-1,shortname=mixed,errors=remount-ro)
/dev/sdb3 on /mnt/boot-sav/sdb3 type fuseblk (rw,relatime,user_id=0,group_id=0,allow_other,blksize=4096)
/dev/sdb4 on /mnt/boot-sav/sdb4 type fuseblk (rw,relatime,user_id=0,group_id=0,allow_other,blksize=4096)
/dev/sdb5 on /mnt/boot-sav/sdb5 type ext4 (rw,relatime,data=ordered)


=================== ls:
/sys/block/sda (filtered):  alignment_offset bdi capability dev device discard_alignment events events_async events_poll_msecs ext_range hidden holders inflight integrity power queue range removable ro sda1 size slaves stat subsystem trace uevent
/sys/block/sdb (filtered):  alignment_offset bdi capability dev device discard_alignment events events_async events_poll_msecs ext_range hidden holders inflight integrity power queue range removable ro sdb1 sdb2 sdb3 sdb4 sdb5 sdb6 size slaves stat subsystem trace uevent
/sys/block/sdc (filtered):  alignment_offset bdi capability dev device discard_alignment events events_async events_poll_msecs ext_range hidden holders inflight integrity power queue range removable ro sdc1 sdc2 size slaves stat subsystem trace uevent
/dev (filtered):  autofs block bsg btrfs-control bus char console core cpu cpu_dma_latency cuse disk dri drm_dp_aux0 drm_dp_aux1 ecryptfs fb0 fd full fuse hidraw0 hpet hugepages hwrng i2c-0 i2c-1 i2c-2 i2c-3 i2c-4 i2c-5 initctl input kmsg kvm lightnvm log mapper mcelog media0 mei0 mem memory_bandwidth mqueue net network_latency network_throughput null port ppp psaux ptmx pts random rfkill rtc rtc0 sda sda1 sdb sdb1 sdb2 sdb3 sdb4 sdb5 sdb6 sdc sdc1 sdc2 sg0 sg1 sg2 shm snapshot snd stderr stdin stdout tpm0 tpmrm0 uhid uinput urandom userio v4l vfio vga_arbiter vhci vhost-net vhost-vsock video0 zero
ls /dev/mapper:  control

=================== hexdump -n512 -C /dev/sda1
00000000  eb 52 90 4e 54 46 53 20  20 20 20 00 02 08 00 00  |.R.NTFS    .....|
00000010  00 00 00 00 00 f8 00 00  3f 00 ff 00 00 08 00 00  |........?.......|
00000020  00 00 00 00 80 00 80 00  ff 5f 70 74 00 00 00 00  |........._pt....|
00000030  00 00 0c 00 00 00 00 00  02 00 00 00 00 00 00 00  |................|
00000040  f6 00 00 00 01 00 00 00  9a d1 b8 2c 13 b9 2c b4  |...........,..,.|
00000050  00 00 00 00 fa 33 c0 8e  d0 bc 00 7c fb 68 c0 07  |.....3.....|.h..|
00000060  1f 1e 68 66 00 cb 88 16  0e 00 66 81 3e 03 00 4e  |..hf......f.&gt;..N|
00000070  54 46 53 75 15 b4 41 bb  aa 55 cd 13 72 0c 81 fb  |TFSu..A..U..r...|
00000080  55 aa 75 06 f7 c1 01 00  75 03 e9 dd 00 1e 83 ec  |U.u.....u.......|
00000090  18 68 1a 00 b4 48 8a 16  0e 00 8b f4 16 1f cd 13  |.h...H..........|
000000a0  9f 83 c4 18 9e 58 1f 72  e1 3b 06 0b 00 75 db a3  |.....X.r.;...u..|
000000b0  0f 00 c1 2e 0f 00 04 1e  5a 33 db b9 00 20 2b c8  |........Z3... +.|
000000c0  66 ff 06 11 00 03 16 0f  00 8e c2 ff 06 16 00 e8  |f...............|
000000d0  4b 00 2b c8 77 ef b8 00  bb cd 1a 66 23 c0 75 2d  |K.+.w......f#.u-|
000000e0  66 81 fb 54 43 50 41 75  24 81 f9 02 01 72 1e 16  |f..TCPAu$....r..|
000000f0  68 07 bb 16 68 52 11 16  68 09 00 66 53 66 53 66  |h...hR..h..fSfSf|
00000100  55 16 16 16 68 b8 01 66  61 0e 07 cd 1a 33 c0 bf  |U...h..fa....3..|
00000110  0a 13 b9 f6 0c fc f3 aa  e9 fe 01 90 90 66 60 1e  |.............f`.|
00000120  06 66 a1 11 00 66 03 06  1c 00 1e 66 68 00 00 00  |.f...f.....fh...|
00000130  00 66 50 06 53 68 01 00  68 10 00 b4 42 8a 16 0e  |.fP.Sh..h...B...|
00000140  00 16 1f 8b f4 cd 13 66  59 5b 5a 66 59 66 59 1f  |.......fY[ZfYfY.|
00000150  0f 82 16 00 66 ff 06 11  00 03 16 0f 00 8e c2 ff  |....f...........|
00000160  0e 16 00 75 bc 07 1f 66  61 c3 a1 f6 01 e8 09 00  |...u...fa.......|
00000170  a1 fa 01 e8 03 00 f4 eb  fd 8b f0 ac 3c 00 74 09  |............&lt;.t.|
00000180  b4 0e bb 07 00 cd 10 eb  f2 c3 0d 0a 41 20 64 69  |............A di|
00000190  73 6b 20 72 65 61 64 20  65 72 72 6f 72 20 6f 63  |sk read error oc|
000001a0  63 75 72 72 65 64 00 0d  0a 42 4f 4f 54 4d 47 52  |curred...BOOTMGR|
000001b0  20 69 73 20 63 6f 6d 70  72 65 73 73 65 64 00 0d  | is compressed..|
000001c0  0a 50 72 65 73 73 20 43  74 72 6c 2b 41 6c 74 2b  |.Press Ctrl+Alt+|
000001d0  44 65 6c 20 74 6f 20 72  65 73 74 61 72 74 0d 0a  |Del to restart..|
000001e0  00 00 00 00 00 00 00 00  00 00 00 00 00 00 00 00  |................|
000001f0  00 00 00 00 00 00 8a 01  a7 01 bf 01 00 00 55 aa  |..............U.|
00000200

=================== hexdump -n512 -C /dev/sdb1
00000000  eb 58 90 4d 53 44 4f 53  35 2e 30 00 02 02 fe 19  |.X.MSDOS5.0.....|
00000010  02 00 00 00 00 f8 00 00  3f 00 ff 00 00 08 00 00  |........?.......|
00000020  00 20 03 00 01 03 00 00  00 00 00 00 02 00 00 00  |. ..............|
00000030  01 00 06 00 00 00 00 00  00 00 00 00 00 00 00 00  |................|
00000040  80 01 29 a4 89 b0 76 4e  4f 20 4e 41 4d 45 20 20  |..)...vNO NAME  |
00000050  20 20 46 41 54 33 32 20  20 20 33 c9 8e d1 bc f4  |  FAT32   3.....|
00000060  7b 8e c1 8e d9 bd 00 7c  88 56 40 88 4e 02 8a 56  |{......|.V@.N..V|
00000070  40 b4 41 bb aa 55 cd 13  72 10 81 fb 55 aa 75 0a  |@.A..U..r...U.u.|
00000080  f6 c1 01 74 05 fe 46 02  eb 2d 8a 56 40 b4 08 cd  |...t..F..-.V@...|
00000090  13 73 05 b9 ff ff 8a f1  66 0f b6 c6 40 66 0f b6  |.s......f...@f..|
000000a0  d1 80 e2 3f f7 e2 86 cd  c0 ed 06 41 66 0f b7 c9  |...?.......Af...|
000000b0  66 f7 e1 66 89 46 f8 83  7e 16 00 75 39 83 7e 2a  |f..f.F..~..u9.~*|
000000c0  00 77 33 66 8b 46 1c 66  83 c0 0c bb 00 80 b9 01  |.w3f.F.f........|
000000d0  00 e8 2c 00 e9 a8 03 a1  f8 7d 80 c4 7c 8b f0 ac  |..,......}..|...|
000000e0  84 c0 74 17 3c ff 74 09  b4 0e bb 07 00 cd 10 eb  |..t.&lt;.t.........|
000000f0  ee a1 fa 7d eb e4 a1 7d  80 eb df 98 cd 16 cd 19  |...}...}........|
00000100  66 60 80 7e 02 00 0f 84  20 00 66 6a 00 66 50 06  |f`.~.... .fj.fP.|
00000110  53 66 68 10 00 01 00 b4  42 8a 56 40 8b f4 cd 13  |Sfh.....B.V@....|
00000120  66 58 66 58 66 58 66 58  eb 33 66 3b 46 f8 72 03  |fXfXfXfX.3f;F.r.|
00000130  f9 eb 2a 66 33 d2 66 0f  b7 4e 18 66 f7 f1 fe c2  |..*f3.f..N.f....|
00000140  8a ca 66 8b d0 66 c1 ea  10 f7 76 1a 86 d6 8a 56  |..f..f....v....V|
00000150  40 8a e8 c0 e4 06 0a cc  b8 01 02 cd 13 66 61 0f  |@............fa.|
00000160  82 74 ff 81 c3 00 02 66  40 49 75 94 c3 42 4f 4f  |.t.....f@Iu..BOO|
00000170  54 4d 47 52 20 20 20 20  00 00 00 00 00 00 00 00  |TMGR    ........|
00000180  00 00 00 00 00 00 00 00  00 00 00 00 00 00 00 00  |................|
*
000001a0  00 00 00 00 00 00 00 00  00 00 00 00 0d 0a 44 69  |..............Di|
000001b0  73 6b 20 65 72 72 6f 72  ff 0d 0a 50 72 65 73 73  |sk error...Press|
000001c0  20 61 6e 79 20 6b 65 79  20 74 6f 20 72 65 73 74  | any key to rest|
000001d0  61 72 74 0d 0a 00 00 00  00 00 00 00 00 00 00 00  |art.............|
000001e0  00 00 00 00 00 00 00 00  00 00 00 00 00 00 00 00  |................|
000001f0  00 00 00 00 00 00 00 00  ac 01 b9 01 00 00 55 aa  |..............U.|
00000200

=================== hexdump -n512 -C /dev/sdb3
00000000  eb 52 90 4e 54 46 53 20  20 20 20 00 02 08 00 00  |.R.NTFS    .....|
00000010  00 00 00 00 00 f8 00 00  3f 00 ff 00 00 a8 03 00  |........?.......|
00000020  00 00 00 00 80 00 80 00  88 90 f2 08 00 00 00 00  |................|
00000030  00 00 0c 00 00 00 00 00  02 00 00 00 00 00 00 00  |................|
00000040  f6 00 00 00 01 00 00 00  a4 e3 b1 68 0b b2 68 1c  |...........h..h.|
00000050  00 00 00 00 fa 33 c0 8e  d0 bc 00 7c fb 68 c0 07  |.....3.....|.h..|
00000060  1f 1e 68 66 00 cb 88 16  0e 00 66 81 3e 03 00 4e  |..hf......f.&gt;..N|
00000070  54 46 53 75 15 b4 41 bb  aa 55 cd 13 72 0c 81 fb  |TFSu..A..U..r...|
00000080  55 aa 75 06 f7 c1 01 00  75 03 e9 dd 00 1e 83 ec  |U.u.....u.......|
00000090  18 68 1a 00 b4 48 8a 16  0e 00 8b f4 16 1f cd 13  |.h...H..........|
000000a0  9f 83 c4 18 9e 58 1f 72  e1 3b 06 0b 00 75 db a3  |.....X.r.;...u..|
000000b0  0f 00 c1 2e 0f 00 04 1e  5a 33 db b9 00 20 2b c8  |........Z3... +.|
000000c0  66 ff 06 11 00 03 16 0f  00 8e c2 ff 06 16 00 e8  |f...............|
000000d0  4b 00 2b c8 77 ef b8 00  bb cd 1a 66 23 c0 75 2d  |K.+.w......f#.u-|
000000e0  66 81 fb 54 43 50 41 75  24 81 f9 02 01 72 1e 16  |f..TCPAu$....r..|
000000f0  68 07 bb 16 68 52 11 16  68 09 00 66 53 66 53 66  |h...hR..h..fSfSf|
00000100  55 16 16 16 68 b8 01 66  61 0e 07 cd 1a 33 c0 bf  |U...h..fa....3..|
00000110  0a 13 b9 f6 0c fc f3 aa  e9 fe 01 90 90 66 60 1e  |.............f`.|
00000120  06 66 a1 11 00 66 03 06  1c 00 1e 66 68 00 00 00  |.f...f.....fh...|
00000130  00 66 50 06 53 68 01 00  68 10 00 b4 42 8a 16 0e  |.fP.Sh..h...B...|
00000140  00 16 1f 8b f4 cd 13 66  59 5b 5a 66 59 66 59 1f  |.......fY[ZfYfY.|
00000150  0f 82 16 00 66 ff 06 11  00 03 16 0f 00 8e c2 ff  |....f...........|
00000160  0e 16 00 75 bc 07 1f 66  61 c3 a1 f6 01 e8 09 00  |...u...fa.......|
00000170  a1 fa 01 e8 03 00 f4 eb  fd 8b f0 ac 3c 00 74 09  |............&lt;.t.|
00000180  b4 0e bb 07 00 cd 10 eb  f2 c3 0d 0a 41 20 64 69  |............A di|
00000190  73 6b 20 72 65 61 64 20  65 72 72 6f 72 20 6f 63  |sk read error oc|
000001a0  63 75 72 72 65 64 00 0d  0a 42 4f 4f 54 4d 47 52  |curred...BOOTMGR|
000001b0  20 69 73 20 63 6f 6d 70  72 65 73 73 65 64 00 0d  | is compressed..|
000001c0  0a 50 72 65 73 73 20 43  74 72 6c 2b 41 6c 74 2b  |.Press Ctrl+Alt+|
000001d0  44 65 6c 20 74 6f 20 72  65 73 74 61 72 74 0d 0a  |Del to restart..|
000001e0  00 00 00 00 00 00 00 00  00 00 00 00 00 00 00 00  |................|
000001f0  00 00 00 00 00 00 8a 01  a7 01 bf 01 00 00 55 aa  |..............U.|
00000200

=================== hexdump -n512 -C /dev/sdb4
00000000  eb 52 90 4e 54 46 53 20  20 20 20 00 02 08 00 00  |.R.NTFS    .....|
00000010  00 00 00 00 00 f8 00 00  3f 00 ff 00 00 c0 c7 0e  |........?.......|
00000020  00 00 00 00 80 00 80 00  ff ff 1f 00 00 00 00 00  |................|
00000030  55 55 01 00 00 00 00 00  02 00 00 00 00 00 00 00  |UU..............|
00000040  f6 00 00 00 01 00 00 00  19 9f b2 42 e2 b2 42 be  |...........B..B.|
00000050  00 00 00 00 fa 33 c0 8e  d0 bc 00 7c fb 68 c0 07  |.....3.....|.h..|
00000060  1f 1e 68 66 00 cb 88 16  0e 00 66 81 3e 03 00 4e  |..hf......f.&gt;..N|
00000070  54 46 53 75 15 b4 41 bb  aa 55 cd 13 72 0c 81 fb  |TFSu..A..U..r...|
00000080  55 aa 75 06 f7 c1 01 00  75 03 e9 dd 00 1e 83 ec  |U.u.....u.......|
00000090  18 68 1a 00 b4 48 8a 16  0e 00 8b f4 16 1f cd 13  |.h...H..........|
000000a0  9f 83 c4 18 9e 58 1f 72  e1 3b 06 0b 00 75 db a3  |.....X.r.;...u..|
000000b0  0f 00 c1 2e 0f 00 04 1e  5a 33 db b9 00 20 2b c8  |........Z3... +.|
000000c0  66 ff 06 11 00 03 16 0f  00 8e c2 ff 06 16 00 e8  |f...............|
000000d0  4b 00 2b c8 77 ef b8 00  bb cd 1a 66 23 c0 75 2d  |K.+.w......f#.u-|
000000e0  66 81 fb 54 43 50 41 75  24 81 f9 02 01 72 1e 16  |f..TCPAu$....r..|
000000f0  68 07 bb 16 68 52 11 16  68 09 00 66 53 66 53 66  |h...hR..h..fSfSf|
00000100  55 16 16 16 68 b8 01 66  61 0e 07 cd 1a 33 c0 bf  |U...h..fa....3..|
00000110  0a 13 b9 f6 0c fc f3 aa  e9 fe 01 90 90 66 60 1e  |.............f`.|
00000120  06 66 a1 11 00 66 03 06  1c 00 1e 66 68 00 00 00  |.f...f.....fh...|
00000130  00 66 50 06 53 68 01 00  68 10 00 b4 42 8a 16 0e  |.fP.Sh..h...B...|
00000140  00 16 1f 8b f4 cd 13 66  59 5b 5a 66 59 66 59 1f  |.......fY[ZfYfY.|
00000150  0f 82 16 00 66 ff 06 11  00 03 16 0f 00 8e c2 ff  |....f...........|
00000160  0e 16 00 75 bc 07 1f 66  61 c3 a1 f6 01 e8 09 00  |...u...fa.......|
00000170  a1 fa 01 e8 03 00 f4 eb  fd 8b f0 ac 3c 00 74 09  |............&lt;.t.|
00000180  b4 0e bb 07 00 cd 10 eb  f2 c3 0d 0a 41 20 64 69  |............A di|
00000190  73 6b 20 72 65 61 64 20  65 72 72 6f 72 20 6f 63  |sk read error oc|
000001a0  63 75 72 72 65 64 00 0d  0a 42 4f 4f 54 4d 47 52  |curred...BOOTMGR|
000001b0  20 69 73 20 63 6f 6d 70  72 65 73 73 65 64 00 0d  | is compressed..|
000001c0  0a 50 72 65 73 73 20 43  74 72 6c 2b 41 6c 74 2b  |.Press Ctrl+Alt+|
000001d0  44 65 6c 20 74 6f 20 72  65 73 74 61 72 74 0d 0a  |Del to restart..|
000001e0  00 00 00 00 00 00 00 00  00 00 00 00 00 00 00 00  |................|
000001f0  00 00 00 00 00 00 8a 01  a7 01 bf 01 00 00 55 aa  |..............U.|
00000200

=================== df -Th:

Filesystem     Type      Size  Used Avail Use% Mounted on
udev           devtmpfs  7.8G     0  7.8G   0% /dev
tmpfs          tmpfs     1.6G  1.4M  1.6G   1% /run
/dev/sdc       iso9660   1.1G  1.1G     0 100% /cdrom
/dev/loop0     squashfs  968M  968M     0 100% /rofs
/cow           overlay   7.8G  223M  7.6G   3% /
tmpfs          tmpfs     7.8G     0  7.8G   0% /dev/shm
tmpfs          tmpfs     5.0M  4.0K  5.0M   1% /run/lock
tmpfs          tmpfs     7.8G     0  7.8G   0% /sys/fs/cgroup
tmpfs          tmpfs     7.8G  8.0K  7.8G   1% /tmp
tmpfs          tmpfs     1.6G   12K  1.6G   1% /run/user/999
/dev/sda1      fuseblk   932G   23G  909G   3% /mnt/boot-sav/sda1
/dev/sdb1      vfat       96M   61M   36M  64% /mnt/boot-sav/sdb1
/dev/sdb3      fuseblk    72G   68G  4.1G  95% /mnt/boot-sav/sdb3
/dev/sdb4      fuseblk   1.0G  392M  633M  39% /mnt/boot-sav/sdb4
/dev/sdb5      ext4       31G   17G   12G  59% /mnt/boot-sav/sdb5

=================== fdisk -l:
Disk /dev/loop0: 967.6 MiB, 1014571008 bytes, 1981584 sectors
Units: sectors of 1 * 512 = 512 bytes
Sector size (logical/physical): 512 bytes / 512 bytes
I/O size (minimum/optimal): 512 bytes / 512 bytes


Disk /dev/sda: 931.5 GiB, 1000204886016 bytes, 1953525168 sectors
Units: sectors of 1 * 512 = 512 bytes
Sector size (logical/physical): 512 bytes / 4096 bytes
I/O size (minimum/optimal): 4096 bytes / 4096 bytes
Disklabel type: gpt
Disk identifier: F25DD2AF-C828-45DB-A792-68E55EB44B01

Device     Start        End    Sectors   Size Type
/dev/sda1   2048 1953523711 1953521664 931.5G Microsoft basic data


Disk /dev/sdb: 119.2 GiB, 128035676160 bytes, 250069680 sectors
Units: sectors of 1 * 512 = 512 bytes
Sector size (logical/physical): 512 bytes / 512 bytes
I/O size (minimum/optimal): 512 bytes / 512 bytes
Disklabel type: gpt
Disk identifier: 0A3617A9-2400-4A97-AE52-E1FEF1822855

Device         Start       End   Sectors  Size Type
/dev/sdb1       2048    206847    204800  100M EFI System
/dev/sdb2     206848    239615     32768   16M Microsoft reserved
/dev/sdb3     239616 150354063 150114448 71.6G Microsoft basic data
/dev/sdb4  247971840 250068991   2097152    1G Windows recovery environment
/dev/sdb5  150355968 214687743  64331776 30.7G Linux filesystem
/dev/sdb6  214687744 247971839  33284096 15.9G Linux swap

Partition table entries are not in disk order.


Disk /dev/sdc: 3.8 GiB, 4026531840 bytes, 7864320 sectors
Units: sectors of 1 * 512 = 512 bytes
Sector size (logical/physical): 512 bytes / 512 bytes
I/O size (minimum/optimal): 512 bytes / 512 bytes
Disklabel type: dos
Disk identifier: 0x67e97428

Device     Boot Start     End Sectors  Size Id Type
/dev/sdc1  *        0 2111199 2111200    1G  0 Empty
/dev/sdc2       12152   16823    4672  2.3M ef EFI (FAT-12/16/32)


Disk /dev/zram0: 2 GiB, 2085244928 bytes, 509093 sectors
Units: sectors of 1 * 4096 = 4096 bytes
Sector size (logical/physical): 4096 bytes / 4096 bytes
I/O size (minimum/optimal): 4096 bytes / 4096 bytes


Disk /dev/zram1: 2 GiB, 2085244928 bytes, 509093 sectors
Units: sectors of 1 * 4096 = 4096 bytes
Sector size (logical/physical): 4096 bytes / 4096 bytes
I/O size (minimum/optimal): 4096 bytes / 4096 bytes


Disk /dev/zram2: 2 GiB, 2085244928 bytes, 509093 sectors
Units: sectors of 1 * 4096 = 4096 bytes
Sector size (logical/physical): 4096 bytes / 4096 bytes
I/O size (minimum/optimal): 4096 bytes / 4096 bytes


Disk /dev/zram3: 2 GiB, 2085244928 bytes, 509093 sectors
Units: sectors of 1 * 4096 = 4096 bytes
Sector size (logical/physical): 4096 bytes / 4096 bytes
I/O size (minimum/optimal): 4096 bytes / 4096 bytes


=================== Advices
Please disable SecureBoot in the BIOS. Then try again.Do you want to continue?

(zenity:13549): dbind-WARNING **: 18:08:25.901: Error retrieving accessibility bus address: org.freedesktop.DBus.Error.ServiceUnknown: The name org.a11y.Bus was not provided by any .service files
Gtk-Message: 18:08:25.985: GtkDialog mapped without a transient parent. This is discouraged.


=================== Default settings of Boot Repair
The default repair of the Boot-Repair utility would reinstall the grub-efi-amd64-signed of sdb5, using the following options:        sdb1/boot/efi,
Additional repair would be performed: unhide-bootmenu-10s   fix-windows-boot use-standard-efi-file  restore-efi-backups


=================== Advice in case of suggested repair
Please disable SecureBoot in the BIOS. Then try again.Do you want to continue?


=================== Final advice in case of suggested repair
Please do not forget to make your BIOS boot on sdb1/efi/.../grub*.efi file!

If your computer reboots directly into Windows, try to change the boot order in your BIOS.
If your BIOS does not allow to change the boot order, change the default boot entry of the Windows bootloader.
For example you can boot into Windows, then type the following command in an admin command prompt:
bcdedit /set {bootmgr} path \EFI\...\grub*.efi


=================== User settings
The settings chosen by the user will reinstall the grub-efi-amd64-signed of sdb5, using the following options:        sdb1/boot/efi,
Additional repair will be performed: unhide-bootmenu-10s   fix-windows-boot use-standard-efi-file  restore-efi-backups


rm /mnt/boot-sav/sda1/efi/Boot/bootx64.efi /mnt/boot-sav/sda1/efi/Boot/bootx64.efi.grb
Quantity of real Windows: 1
Mount sdb1 on /mnt/boot-sav/sdb5/boot/efi
lspci: Unable to load libkmod resources: error -12

*******lspci -nnk | grep -iA3 vga
00:02.0 VGA compatible controller [0300]: Intel Corporation Device [8086:5916] (rev 02)
Subsystem: Acer Incorporated [ALI] Device [1025:108f]
Kernel driver in use: i915
00:14.0 USB controller [0c03]: Intel Corporation Sunrise Point-LP USB 3.0 xHCI Controller [8086:9d2f] (rev 21)
*******

grub-install --version
grub-install (GRUB) 2.02~beta2-36ubuntu3.17,grub-install (GRUB) 2.

chroot /mnt/boot-sav/sdb5 efibootmgr -v
BootCurrent: 0001
Timeout: 0 seconds
BootOrder: 0003,0001,2001,2002,2003
Boot0000* Unknown Device:   HD(1,GPT,c8f97a16-f39a-46c4-beb5-61df0b1bef48,0x800,0x32000)/File(EFIubuntushimx64.efi)RC
Boot0001* Linux HD(1,MBR,0x40,0x2f78,0x1240)/File(EFIBootgrubx64.efi)RC
Boot0002* GRUB  HD(1,GPT,c8f97a16-f39a-46c4-beb5-61df0b1bef48,0x800,0x32000)/File(EFIGRUBshimx64.efi)
Boot0003* Windows Boot Manager  HD(1,GPT,c8f97a16-f39a-46c4-beb5-61df0b1bef48,0x800,0x32000)/File(EFIMicrosoftBootbootmgfw.efi)WINDOWS.........x...B.C.D.O.B.J.E.C.T.=.{.9.d.e.a.8.6.2.c.-.5.c.d.d.-.4.e.7.0.-.a.c.c.1.-.f.3.2.b.3.4.4.d.4.7.9.5.}....................
Boot0004* ubuntu    HD(1,GPT,c8f97a16-f39a-46c4-beb5-61df0b1bef48,0x800,0x32000)/File(EFIubuntushimx64.efi)
Boot2001* EFI USB Device    RC
Boot2002* EFI DVD/CDROM RC
Boot2003* EFI Network   RC

chroot /mnt/boot-sav/sdb5 uname -r
Kernel: 4.15.0-20-generic

Reinstall the grub-efi-amd64-signed of sdb5
Installing for x86_64-efi platform.
Installation finished. No error reported.
grub-install --efi-directory=/boot/efi --target=x86_64-efi --uefi-secure-boot : exit code of grub-install :0
mv 25_custom
efi files in sda1/efi: /ubuntu/shimx64.efi
df /dev/sdb1
Save and rename /mnt/boot-sav/sdb5/boot/efi/EFI/Boot/bootx64.efi (/mnt/boot-sav/sdb5/boot/efi/EFI/Boot/bkpbootx64.efi)
cp /mnt/boot-sav/sdb5/boot/efi/EFI/ubuntu/shimx64.efi /mnt/boot-sav/sdb5/boot/efi/EFI/Boot/bootx64.efi
Add /mnt/boot-sav/sdb5/boot/efi efi entries in /mnt/boot-sav/sdb5/etc/grub.d/25_custom
Adding custom /mnt/boot-sav/sdb5/boot/efi/EFI/Microsoft/Boot/bootmgfw.efi
Adding custom /mnt/boot-sav/sdb5/boot/efi/EFI/Boot.2018-07-04/bkpbootx64.efi
Adding custom /mnt/boot-sav/sdb5/boot/efi/EFI/Boot/bkpbootx64.efi
sdb1/bkpbootx64.efi already added
sdb1/bkpbootx64.efi already added
Adding custom /mnt/boot-sav/sdb5/boot/efi/EFI/GRUB/mmx64.efi
Adding custom /mnt/boot-sav/sdb5/boot/efi/EFI/ubuntu/fwupx64.efi
Adding custom /mnt/boot-sav/sdb5/boot/efi/EFI/ubuntu/mmx64.efi
sdb1/bootmgfw.efi already added
Adding custom /mnt/boot-sav/sdb5/boot/efi/EFI/OEM/Boot/bootmgfw.efi
df /dev/sda1
cp /mnt/boot-sav/sdb5/boot/efi/EFI/ubuntu/shimx64.efi /mnt/boot-sav/sda1/efi/Boot/bootx64.efi (&amp; .grb)
efi files in sda1/efi: /ubuntu/shimx64.efi /Boot/bootx64.efi
Add /mnt/boot-sav/sda1 efi entries in /mnt/boot-sav/sdb5/etc/grub.d/25_custom
Installing for x86_64-efi platform.
Installation finished. No error reported.
grub-install --efi-directory=/boot/efi --target=x86_64-efi --uefi-secure-boot : exit code of grub-install :0

chroot /mnt/boot-sav/sdb5 efibootmgr -v
BootCurrent: 0001
Timeout: 0 seconds
BootOrder: 0004,0003,0001,2001,2002,2003
Boot0000* Unknown Device:   HD(1,GPT,c8f97a16-f39a-46c4-beb5-61df0b1bef48,0x800,0x32000)/File(EFIubuntushimx64.efi)RC
Boot0001* Linux HD(1,MBR,0x40,0x2f78,0x1240)/File(EFIBootgrubx64.efi)RC
Boot0002* GRUB  HD(1,GPT,c8f97a16-f39a-46c4-beb5-61df0b1bef48,0x800,0x32000)/File(EFIGRUBshimx64.efi)
Boot0003* Windows Boot Manager  HD(1,GPT,c8f97a16-f39a-46c4-beb5-61df0b1bef48,0x800,0x32000)/File(EFIMicrosoftBootbootmgfw.efi)WINDOWS.........x...B.C.D.O.B.J.E.C.T.=.{.9.d.e.a.8.6.2.c.-.5.c.d.d.-.4.e.7.0.-.a.c.c.1.-.f.3.2.b.3.4.4.d.4.7.9.5.}....................
Boot0004* ubuntu    HD(1,GPT,c8f97a16-f39a-46c4-beb5-61df0b1bef48,0x800,0x32000)/File(EFIubuntushimx64.efi)
Boot2001* EFI USB Device    RC
Boot2002* EFI DVD/CDROM RC
Boot2003* EFI Network   RC

chroot /mnt/boot-sav/sdb5 update-grub
Generating grub configuration file ...
Found linux image: /boot/vmlinuz-4.13.0-43-generic
Found initrd image: /boot/initrd.img-4.13.0-43-generic
Found linux image: /boot/vmlinuz-4.13.0-41-generic
Found initrd image: /boot/initrd.img-4.13.0-41-generic
Found linux image: /boot/vmlinuz-4.13.0-36-generic
Found initrd image: /boot/initrd.img-4.13.0-36-generic
grub-probe: error: cannot find a GRUB drive for /dev/sdc1.  Check your device.map.
Found Windows Boot Manager on /dev/sdb1@/EFI/Microsoft/Boot/bootmgfw.efi
Adding boot menu entry for EFI firmware configuration
Unhide GRUB boot menu in sdb5/boot/grub/grub.cfg

An error occurred during the repair.

You can now reboot your computer.
Please do not forget to make your BIOS boot on sdb1/EFI/ubuntu/shimx64.efi file!

If your computer reboots directly into Windows, try to change the boot order in your BIOS.
If your BIOS does not allow to change the boot order, change the default boot entry of the Windows bootloader.
For example you can boot into Windows, then type the following command in an admin command prompt:
bcdedit /set {bootmgr} path \EFI\ubuntu\shimx64.efi
</code></pre><h2 id=usar-comando-para-windows><a href=#usar-comando-para-windows alt>Usar comando para windows</a> <a href=# alt="Regresar al inicio">↑</a></h2><p>bcdedit /set {bootmgr} path \EFI\ubuntu\shimx64.efi</p></article></main></body></html>